{
  "name": "simple",
  "lslVersion": "1.0.0",
  "types": [
    {
      "name": "Int",
      "realName": "int"
    }
  ],
  "automata": [
    {
      "name": "A",
      "constructorVariables": [],
      "variables": [
        {
          "name": "i",
          "type": "Int"
        }
      ],
      "states": [],
      "shifts": [],
      "functions": [
        {
          "name": "f",
          "automaton": "A",
          "args": [],
          "contracts": [],
          "statements": [
            {
              "kind": "action",
              "actionName": "TEST_ACTION",
              "args": [
                {
                  "kind": "integer",
                  "value": 1
                },
                {
                  "kind": "string",
                  "value": "123"
                },
                {
                  "kind": "variableAccess",
                  "variable": "f.param"
                }
              ]
            },
            {
              "kind": "action",
              "actionName": "TEST_ACTION_TWO",
              "args": []
            }
          ]
        }
      ]
    }
  ]
}