{
  "name": "simple",
  "lslVersion": "1.0.0",
  "types": [
    {
      "name": "Int",
      "isPointer": false,
      "kind": "alias",
      "originalType": {
        "name": "int32",
        "isPointer": false
      }
    }
  ],
  "automata": [
    {
      "name": "A",
      "type": "Int",
      "constructorVariables": [],
      "variables": [],
      "states": [],
      "shifts": [],
      "functions": [
        {
          "name": "f",
          "automaton": "A",
          "target": "A",
          "args": [
            {
              "name": "param",
              "type": "Int"
            }
          ],
          "contracts": [],
          "statements": []
        }
      ]
    }
  ]
}