{
  "name": "simple",
  "lslVersion": "1.0.0",
  "types": [
    {
      "name": "Int",
      "realName": "int"
    },
    {
      "name": "String",
      "realName": "string"
    }
  ],
  "automata": [
    {
      "name": "A",
      "constructorVariables": [
        {
          "name": "i",
          "type": "Int"
        },
        {
          "name": "s",
          "type": "String"
        }
      ],
      "variables": [
        {
          "name": "i",
          "type": "Int"
        }
      ],
      "states": [],
      "shifts": [],
      "functions": [
        {
          "name": "func",
          "automaton": "A",
          "args": [],
          "contracts": [],
          "statements": [
            {
              "kind": "assignment",
              "variable": "A.i",
              "value": {
                "kind": "callAutomatonConstructor",
                "automatonName": "B",
                "state": "s1",
                "args": [
                  {
                    "name": "v",
                    "value": {
                      "kind": "integer",
                      "value": 0
                    }
                  }
                ]
              }
            }
          ]
        }
      ]
    },
    {
      "name": "B",
      "constructorVariables": [
        {
          "name": "v",
          "type": "Int"
        }
      ],
      "variables": [],
      "states": [
        {
          "name": "s1",
          "kind": "SIMPLE"
        }
      ],
      "shifts": [],
      "functions": []
    }
  ]
}