{
  "name": "simple",
  "lslVersion": "1.0.0",
  "types": [
    {
      "name": "Int",
      "isPointer": false,
      "kind": "simple",
      "realType": {
        "name": "int",
        "isPointer": false,
        "kind": "real"
      }
    }
  ],
  "automata": [
    {
      "name": "A",
      "type": "Int",
      "constructorVariables": [],
      "variables": [
        {
          "name": "i",
          "type": "Int"
        }
      ],
      "states": [],
      "shifts": [],
      "functions": [
        {
          "name": "f",
          "automaton": "A",
          "args": [
            {
              "name": "param",
              "type": "Int"
            }
          ],
          "contracts": [
            {
              "name": "test1",
              "kind": "REQUIRES",
              "expression": {
                "kind": "binary",
                "op": "GT_EQ",
                "left": {
                  "kind": "qualifiedAccess",
                  "access": {
                    "kind": "variableAccess",
                    "name": "param",
                    "variableInfo": {
                      "name": "param",
                      "fullName": "f.param",
                      "type": {
                        "name": "Int",
                        "isPointer": false,
                        "kind": "simple",
                        "realType": {
                          "name": "int",
                          "isPointer": false,
                          "kind": "real"
                        }
                      },
                      "kind": "functionArgument",
                      "function": "A.f",
                      "functionArgTypes": [
                        "Int"
                      ]
                    },
                    "type": "Int"
                  }
                },
                "right": {
                  "kind": "qualifiedAccess",
                  "access": {
                    "kind": "variableAccess",
                    "name": "i",
                    "variableInfo": {
                      "name": "i",
                      "fullName": "A.i",
                      "type": {
                        "name": "Int",
                        "isPointer": false,
                        "kind": "simple",
                        "realType": {
                          "name": "int",
                          "isPointer": false,
                          "kind": "real"
                        }
                      },
                      "kind": "automatonVariable",
                      "automaton": "A"
                    },
                    "type": "Int"
                  }
                }
              }
            },
            {
              "kind": "ENSURES",
              "expression": {
                "kind": "binary",
                "op": "LT",
                "left": {
                  "kind": "oldValue",
                  "value": {
                    "kind": "qualifiedAccess",
                    "access": {
                      "kind": "variableAccess",
                      "name": "param",
                      "variableInfo": {
                        "name": "param",
                        "fullName": "f.param",
                        "type": {
                          "name": "Int",
                          "isPointer": false,
                          "kind": "simple",
                          "realType": {
                            "name": "int",
                            "isPointer": false,
                            "kind": "real"
                          }
                        },
                        "kind": "functionArgument",
                        "function": "A.f",
                        "functionArgTypes": [
                          "Int"
                        ]
                      },
                      "type": "Int"
                    }
                  }
                },
                "right": {
                  "kind": "qualifiedAccess",
                  "access": {
                    "kind": "variableAccess",
                    "name": "param",
                    "variableInfo": {
                      "name": "param",
                      "fullName": "f.param",
                      "type": {
                        "name": "Int",
                        "isPointer": false,
                        "kind": "simple",
                        "realType": {
                          "name": "int",
                          "isPointer": false,
                          "kind": "real"
                        }
                      },
                      "kind": "functionArgument",
                      "function": "A.f",
                      "functionArgTypes": [
                        "Int"
                      ]
                    },
                    "type": "Int"
                  }
                }
              }
            }
          ],
          "statements": []
        }
      ]
    }
  ]
}