{
  "name": "simple",
  "lslVersion": "1.0.0",
  "types": [
    {
      "name": "Int",
      "isPointer": false,
      "kind": "simple",
      "realType": {
        "name": "int",
        "isPointer": false,
        "kind": "real"
      }
    }
  ],
  "automata": [
    {
      "name": "A",
      "type": "Int",
      "constructorVariables": [],
      "variables": [],
      "states": [
        {
          "name": "S",
          "kind": "SIMPLE"
        }
      ],
      "shifts": [],
      "functions": [
        {
          "name": "f",
          "automaton": "A",
          "target": "A",
          "args": [
            {
              "name": "param",
              "type": "Int"
            }
          ],
          "contracts": [],
          "statements": [
            {
              "kind": "assignment",
              "variable": "globalInt",
              "value": {
                "kind": "integer",
                "value": 1
              }
            }
          ]
        }
      ]
    }
  ],
  "variables": [
    {
      "name": "globalInt",
      "fullName": "globalInt",
      "type": {
        "name": "Int",
        "isPointer": false,
        "kind": "simple",
        "realType": {
          "name": "int",
          "isPointer": false,
          "kind": "real"
        }
      },
      "initValue": {
        "kind": "callAutomatonConstructor",
        "automatonName": "A",
        "state": "S",
        "args": []
      },
      "kind": "global"
    }
  ]
}