{
  "name": "simple",
  "lslVersion": "1.0.0",
  "types": [
    {
      "name": "Int",
      "isPointer": false,
      "kind": "simple",
      "realType": {
        "name": "int",
        "isPointer": false,
        "kind": "real"
      }
    }
  ],
  "automata": [
    {
      "name": "A",
      "type": "Int",
      "constructorVariables": [],
      "variables": [
        {
          "name": "i",
          "type": "Int"
        }
      ],
      "states": [
        {
          "name": "s1",
          "kind": "SIMPLE"
        },
        {
          "name": "s2",
          "kind": "SIMPLE"
        },
        {
          "name": "s3",
          "kind": "SIMPLE"
        }
      ],
      "shifts": [
        {
          "from": "s1",
          "to": "s3",
          "functions": {
            "name": "f",
            "args": [
              "Int"
            ]
          }
        },
        {
          "from": "s2",
          "to": "s3",
          "functions": {
            "name": "f",
            "args": [
              "Int"
            ]
          }
        }
      ],
      "functions": [
        {
          "name": "f",
          "automaton": "A",
          "args": [
            {
              "name": "param",
              "type": "Int"
            }
          ],
          "contracts": [],
          "statements": []
        }
      ]
    }
  ]
}